#
# There is insufficient memory for the Java Runtime Environment to continue.
# Native memory allocation (malloc) failed to allocate 1057136 bytes. Error detail: Chunk::new
# Possible reasons:
#   The system is out of physical RAM or swap space
#   This process is running with CompressedOops enabled, and the Java Heap may be blocking the growth of the native heap
# Possible solutions:
#   Reduce memory load on the system
#   Increase physical memory or swap space
#   Check if swap backing store is full
#   Decrease Java heap size (-Xmx/-Xms)
#   Decrease number of Java threads
#   Decrease Java thread stack sizes (-Xss)
#   Set larger code cache with -XX:ReservedCodeCacheSize=
#   JVM is running with Zero Based Compressed Oops mode in which the Java heap is
#     placed in the first 32GB address space. The Java Heap base address is the
#     maximum limit for the native heap growth. Please use -XX:HeapBaseMinAddress
#     to set the Java Heap base and to place the Java Heap above 32GB virtual address.
# This output file may be truncated or incomplete.
#
#  Out of Memory Error (arena.cpp:168), pid=22124, tid=11760
#
# JRE version: OpenJDK Runtime Environment Microsoft-13106404 (21.0.10+7) (build 21.0.10+7-LTS)
# Java VM: OpenJDK 64-Bit Server VM Microsoft-13106404 (21.0.10+7-LTS, mixed mode, sharing, tiered, compressed oops, compressed class ptrs, g1 gc, windows-amd64)
# No core dump will be written. Minidumps are not enabled by default on client versions of Windows
#

---------------  S U M M A R Y ------------

Command Line: -Dmaven.multiModuleProjectDirectory=C:\Users\shivanandh.t\Documents\GitHub\patient-management-system\patient-service -Djansi.passthrough=true -Dmaven.home=C:\Program Files\JetBrains\IntelliJ IDEA Community Edition 2024.2.0.1\plugins\maven\lib\maven3 -Dclassworlds.conf=C:\Program Files\JetBrains\IntelliJ IDEA Community Edition 2024.2.0.1\plugins\maven\lib\maven3\bin\m2.conf -Dmaven.ext.class.path=C:\Program Files\JetBrains\IntelliJ IDEA Community Edition 2024.2.0.1\plugins\maven\lib\maven-event-listener.jar -Dcool.request.port=58365 -Dcool.request.hook.sql=false -javaagent:C:\Users\shivanandh.t\.config\.cool-request\request\lib\cool-request-agent.jar -javaagent:C:\Program Files\JetBrains\IntelliJ IDEA Community Edition 2024.2.0.1\lib\idea_rt.jar=60738:C:\Program Files\JetBrains\IntelliJ IDEA Community Edition 2024.2.0.1\bin -Dfile.encoding=UTF-8 -Dsun.stdout.encoding=UTF-8 -Dsun.stderr.encoding=UTF-8 org.codehaus.classworlds.Launcher -Didea.version=2024.2.0.1 -DskipTests=true clean install

Host: 12th Gen Intel(R) Core(TM) i5-1235U, 12 cores, 15G,  Windows 11 , 64 bit Build 26100 (10.0.26100.7705)
Time: Mon Feb 23 16:25:47 2026 India Standard Time elapsed time: 9.338307 seconds (0d 0h 0m 9s)

---------------  T H R E A D  ---------------

Current thread (0x00000232e1451840):  JavaThread "C2 CompilerThread1" daemon [_thread_in_native, id=11760, stack(0x00000053b2800000,0x00000053b2900000) (1024K)]


Current CompileTask:
C2:9338 5324       4       org.eclipse.aether.util.graph.transformer.ConflictResolver$State::push (457 bytes)

Stack: [0x00000053b2800000,0x00000053b2900000]
Native frames: (J=compiled Java code, j=interpreted, Vv=VM code, C=native code)
V  [jvm.dll+0x6dfe69]  (no source info available)
V  [jvm.dll+0x8bfe4b]  (no source info available)
V  [jvm.dll+0x8c23da]  (no source info available)
V  [jvm.dll+0x8c2ab3]  (no source info available)
V  [jvm.dll+0x28a9e6]  (no source info available)
V  [jvm.dll+0xc903d]  (no source info available)
V  [jvm.dll+0xc958c]  (no source info available)
V  [jvm.dll+0x3c83d2]  (no source info available)
V  [jvm.dll+0x394a32]  (no source info available)
V  [jvm.dll+0x393e8a]  (no source info available)
V  [jvm.dll+0x252670]  (no source info available)
V  [jvm.dll+0x251c93]  (no source info available)
V  [jvm.dll+0x1d1adf]  (no source info available)
V  [jvm.dll+0x26195a]  (no source info available)
V  [jvm.dll+0x25fcc5]  (no source info available)
V  [jvm.dll+0x402155]  (no source info available)
V  [jvm.dll+0x86ab8d]  (no source info available)
V  [jvm.dll+0x6e141d]  (no source info available)
C  [ucrtbase.dll+0x37b0]  (no source info available)
C  [KERNEL32.DLL+0x2e8d7]  (no source info available)
C  [ntdll.dll+0x8c40c]  (no source info available)


---------------  P R O C E S S  ---------------

Threads class SMR info:
_java_thread_list=0x000002332923abd0, length=21, elements={
0x00000232bfcee260, 0x00000232e142c610, 0x00000232e142d7f0, 0x00000232e1430f90,
0x00000232e1432340, 0x00000232e142f550, 0x00000232e142fbe0, 0x00000232e1442350,
0x00000232e144fd00, 0x00000232e1430270, 0x00000232e14329d0, 0x00000232e1431620,
0x000002332719e6b0, 0x00000233271a14a0, 0x000002332719f3d0, 0x00000233271a0e10,
0x00000233271a00f0, 0x00000233271a1b30, 0x000002332719fa60, 0x00000233271a21c0,
0x00000232e1451840
}

Java Threads: ( => current thread )
  0x00000232bfcee260 JavaThread "main"                              [_thread_in_native, id=24256, stack(0x00000053b1400000,0x00000053b1500000) (1024K)]
  0x00000232e142c610 JavaThread "Reference Handler"          daemon [_thread_blocked, id=28612, stack(0x00000053b1c00000,0x00000053b1d00000) (1024K)]
  0x00000232e142d7f0 JavaThread "Finalizer"                  daemon [_thread_blocked, id=46724, stack(0x00000053b1d00000,0x00000053b1e00000) (1024K)]
  0x00000232e1430f90 JavaThread "Signal Dispatcher"          daemon [_thread_blocked, id=24220, stack(0x00000053b1e00000,0x00000053b1f00000) (1024K)]
  0x00000232e1432340 JavaThread "Attach Listener"            daemon [_thread_blocked, id=45616, stack(0x00000053b1f00000,0x00000053b2000000) (1024K)]
  0x00000232e142f550 JavaThread "Service Thread"             daemon [_thread_blocked, id=44980, stack(0x00000053b2000000,0x00000053b2100000) (1024K)]
  0x00000232e142fbe0 JavaThread "Monitor Deflation Thread"   daemon [_thread_blocked, id=23612, stack(0x00000053b2100000,0x00000053b2200000) (1024K)]
  0x00000232e1442350 JavaThread "C2 CompilerThread0"         daemon [_thread_blocked, id=39040, stack(0x00000053b2200000,0x00000053b2300000) (1024K)]
  0x00000232e144fd00 JavaThread "C1 CompilerThread0"         daemon [_thread_blocked, id=6124, stack(0x00000053b2300000,0x00000053b2400000) (1024K)]
  0x00000232e1430270 JavaThread "Common-Cleaner"             daemon [_thread_blocked, id=46720, stack(0x00000053b2400000,0x00000053b2500000) (1024K)]
  0x00000232e14329d0 JavaThread "Monitor Ctrl-Break"         daemon [_thread_in_native, id=39184, stack(0x00000053b2600000,0x00000053b2700000) (1024K)]
  0x00000232e1431620 JavaThread "Notification Thread"        daemon [_thread_blocked, id=28828, stack(0x00000053b2700000,0x00000053b2800000) (1024K)]
  0x000002332719e6b0 JavaThread "RMI TCP Accept-9043"        daemon [_thread_in_native, id=3220, stack(0x00000053b2a00000,0x00000053b2b00000) (1024K)]
  0x00000233271a14a0 JavaThread "RMI TCP Accept-0"           daemon [_thread_in_native, id=22636, stack(0x00000053b2b00000,0x00000053b2c00000) (1024K)]
  0x000002332719f3d0 JavaThread "RMI Reaper"                        [_thread_blocked, id=34972, stack(0x00000053b2c00000,0x00000053b2d00000) (1024K)]
  0x00000233271a0e10 JavaThread "RMI GC Daemon"              daemon [_thread_blocked, id=12812, stack(0x00000053b2d00000,0x00000053b2e00000) (1024K)]
  0x00000233271a00f0 JavaThread "RMI Scheduler(0)"           daemon [_thread_blocked, id=46592, stack(0x00000053b2e00000,0x00000053b2f00000) (1024K)]
  0x00000233271a1b30 JavaThread "RMI TCP Connection(1)-127.0.0.1" daemon [_thread_in_native, id=29292, stack(0x00000053b2500000,0x00000053b2600000) (1024K)]
  0x000002332719fa60 JavaThread "RMI TCP Connection(2)-192.168.1.7" daemon [_thread_in_native, id=31352, stack(0x00000053b3000000,0x00000053b3100000) (1024K)]
  0x00000233271a21c0 JavaThread "Thread-4"                   daemon [_thread_blocked, id=43812, stack(0x00000053b2f00000,0x00000053b3000000) (1024K)]
=>0x00000232e1451840 JavaThread "C2 CompilerThread1"         daemon [_thread_in_native, id=11760, stack(0x00000053b2800000,0x00000053b2900000) (1024K)]
Total: 21

Other Threads:
  0x00000232e140bff0 VMThread "VM Thread"                           [id=45820, stack(0x00000053b1b00000,0x00000053b1c00000) (1024K)]
  0x00000232e13f9050 WatcherThread "VM Periodic Task Thread"        [id=30008, stack(0x00000053b1a00000,0x00000053b1b00000) (1024K)]
  0x00000232bfd51580 WorkerThread "GC Thread#0"                     [id=46444, stack(0x00000053b1500000,0x00000053b1600000) (1024K)]
  0x0000023327834aa0 WorkerThread "GC Thread#1"                     [id=44864, stack(0x00000053b3100000,0x00000053b3200000) (1024K)]
  0x0000023327834e50 WorkerThread "GC Thread#2"                     [id=28332, stack(0x00000053b3200000,0x00000053b3300000) (1024K)]
  0x0000023327835200 WorkerThread "GC Thread#3"                     [id=36168, stack(0x00000053b3300000,0x00000053b3400000) (1024K)]
  0x00000233278359b0 WorkerThread "GC Thread#4"                     [id=22492, stack(0x00000053b3400000,0x00000053b3500000) (1024K)]
  0x0000023327836170 WorkerThread "GC Thread#5"                     [id=19452, stack(0x00000053b3500000,0x00000053b3600000) (1024K)]
  0x000002332785b1f0 WorkerThread "GC Thread#6"                     [id=33316, stack(0x00000053b3600000,0x00000053b3700000) (1024K)]
  0x0000023327869e80 WorkerThread "GC Thread#7"                     [id=6684, stack(0x00000053b3700000,0x00000053b3800000) (1024K)]
  0x000002332786a230 WorkerThread "GC Thread#8"                     [id=16672, stack(0x00000053b3800000,0x00000053b3900000) (1024K)]
  0x000002332796b5a0 WorkerThread "GC Thread#9"                     [id=43972, stack(0x00000053b3900000,0x00000053b3a00000) (1024K)]
  0x00000232bfd61850 ConcurrentGCThread "G1 Main Marker"            [id=41916, stack(0x00000053b1600000,0x00000053b1700000) (1024K)]
  0x00000232bf24e7c0 WorkerThread "G1 Conc#0"                       [id=20076, stack(0x00000053b1700000,0x00000053b1800000) (1024K)]
  0x00000232e12c8250 ConcurrentGCThread "G1 Refine#0"               [id=45636, stack(0x00000053b1800000,0x00000053b1900000) (1024K)]
  0x00000232e12cc910 ConcurrentGCThread "G1 Service"                [id=44724, stack(0x00000053b1900000,0x00000053b1a00000) (1024K)]
Total: 16

Threads with active compile tasks:
C2 CompilerThread1  10897 5324       4       org.eclipse.aether.util.graph.transformer.ConflictResolver$State::push (457 bytes)
Total: 1

VM state: not at safepoint (normal execution)

VM Mutex/Monitor currently owned by a thread: None

Heap address: 0x0000000705a00000, size: 4006 MB, Compressed Oops mode: Zero based, Oop shift amount: 3

CDS archive(s) mapped at: [0x00000232e2000000-0x00000232e2c80000-0x00000232e2c80000), size 13107200, SharedBaseAddress: 0x00000232e2000000, ArchiveRelocationMode: 1.
Compressed class space mapped at: 0x00000232e3000000-0x0000023323000000, reserved size: 1073741824
Narrow klass base: 0x00000232e2000000, Narrow klass shift: 0, Narrow klass range: 0x100000000

GC Precious Log:
 CardTable entry size: 512
 Card Set container configuration: InlinePtr #cards 4 size 8 Array Of Cards #cards 16 size 48 Howl #buckets 8 coarsen threshold 3686 Howl Bitmap #cards 512 size 80 coarsen threshold 460 Card regions per heap region 1 cards per card region 4096
 CPUs: 12 total, 12 available
 Memory: 16016M
 Large Page Support: Disabled
 NUMA Support: Disabled
 Compressed Oops: Enabled (Zero based)
 Heap Region Size: 2M
 Heap Min Capacity: 8M
 Heap Initial Capacity: 252M
 Heap Max Capacity: 4006M
 Pre-touch: Disabled
 Parallel Workers: 10
 Concurrent Workers: 3
 Concurrent Refinement Workers: 10
 Periodic GC: Disabled

Heap:
 garbage-first heap   total 258048K, used 118089K [0x0000000705a00000, 0x0000000800000000)
  region size 2048K, 57 young (116736K), 6 survivors (12288K)
 Metaspace       used 20702K, committed 21120K, reserved 1114112K
  class space    used 2370K, committed 2560K, reserved 1048576K

Heap Regions: E=young(eden), S=young(survivor), O=old, HS=humongous(starts), HC=humongous(continues), CS=collection set, F=free, TAMS=top-at-mark-start, PB=parsable bottom
|   0|0x0000000705a00000, 0x0000000705c00000, 0x0000000705c00000|100%| O|  |TAMS 0x0000000705a00000| PB 0x0000000705a00000| Untracked 
|   1|0x0000000705c00000, 0x0000000705e00000, 0x0000000705e00000|100%| O|  |TAMS 0x0000000705c00000| PB 0x0000000705c00000| Untracked 
|   2|0x0000000705e00000, 0x0000000705f1c700, 0x0000000706000000| 55%| O|  |TAMS 0x0000000705e00000| PB 0x0000000705e00000| Untracked 
|   3|0x0000000706000000, 0x0000000706000000, 0x0000000706200000|  0%| F|  |TAMS 0x0000000706000000| PB 0x0000000706000000| Untracked 
|   4|0x0000000706200000, 0x0000000706200000, 0x0000000706400000|  0%| F|  |TAMS 0x0000000706200000| PB 0x0000000706200000| Untracked 
|   5|0x0000000706400000, 0x0000000706400000, 0x0000000706600000|  0%| F|  |TAMS 0x0000000706400000| PB 0x0000000706400000| Untracked 
|   6|0x0000000706600000, 0x0000000706600000, 0x0000000706800000|  0%| F|  |TAMS 0x0000000706600000| PB 0x0000000706600000| Untracked 
|   7|0x0000000706800000, 0x0000000706800000, 0x0000000706a00000|  0%| F|  |TAMS 0x0000000706800000| PB 0x0000000706800000| Untracked 
|   8|0x0000000706a00000, 0x0000000706a00000, 0x0000000706c00000|  0%| F|  |TAMS 0x0000000706a00000| PB 0x0000000706a00000| Untracked 
|   9|0x0000000706c00000, 0x0000000706c00000, 0x0000000706e00000|  0%| F|  |TAMS 0x0000000706c00000| PB 0x0000000706c00000| Untracked 
|  10|0x0000000706e00000, 0x0000000706e00000, 0x0000000707000000|  0%| F|  |TAMS 0x0000000706e00000| PB 0x0000000706e00000| Untracked 
|  11|0x0000000707000000, 0x0000000707000000, 0x0000000707200000|  0%| F|  |TAMS 0x0000000707000000| PB 0x0000000707000000| Untracked 
|  12|0x0000000707200000, 0x0000000707200000, 0x0000000707400000|  0%| F|  |TAMS 0x0000000707200000| PB 0x0000000707200000| Untracked 
|  13|0x0000000707400000, 0x0000000707400000, 0x0000000707600000|  0%| F|  |TAMS 0x0000000707400000| PB 0x0000000707400000| Untracked 
|  14|0x0000000707600000, 0x0000000707600000, 0x0000000707800000|  0%| F|  |TAMS 0x0000000707600000| PB 0x0000000707600000| Untracked 
|  15|0x0000000707800000, 0x0000000707800000, 0x0000000707a00000|  0%| F|  |TAMS 0x0000000707800000| PB 0x0000000707800000| Untracked 
|  16|0x0000000707a00000, 0x0000000707a00000, 0x0000000707c00000|  0%| F|  |TAMS 0x0000000707a00000| PB 0x0000000707a00000| Untracked 
|  17|0x0000000707c00000, 0x0000000707c00000, 0x0000000707e00000|  0%| F|  |TAMS 0x0000000707c00000| PB 0x0000000707c00000| Untracked 
|  18|0x0000000707e00000, 0x0000000707e00000, 0x0000000708000000|  0%| F|  |TAMS 0x0000000707e00000| PB 0x0000000707e00000| Untracked 
|  19|0x0000000708000000, 0x0000000708000000, 0x0000000708200000|  0%| F|  |TAMS 0x0000000708000000| PB 0x0000000708000000| Untracked 
|  20|0x0000000708200000, 0x0000000708200000, 0x0000000708400000|  0%| F|  |TAMS 0x0000000708200000| PB 0x0000000708200000| Untracked 
|  21|0x0000000708400000, 0x0000000708400000, 0x0000000708600000|  0%| F|  |TAMS 0x0000000708400000| PB 0x0000000708400000| Untracked 
|  22|0x0000000708600000, 0x0000000708600000, 0x0000000708800000|  0%| F|  |TAMS 0x0000000708600000| PB 0x0000000708600000| Untracked 
|  23|0x0000000708800000, 0x0000000708800000, 0x0000000708a00000|  0%| F|  |TAMS 0x0000000708800000| PB 0x0000000708800000| Untracked 
|  24|0x0000000708a00000, 0x0000000708a00000, 0x0000000708c00000|  0%| F|  |TAMS 0x0000000708a00000| PB 0x0000000708a00000| Untracked 
|  25|0x0000000708c00000, 0x0000000708c00000, 0x0000000708e00000|  0%| F|  |TAMS 0x0000000708c00000| PB 0x0000000708c00000| Untracked 
|  26|0x0000000708e00000, 0x0000000708e00000, 0x0000000709000000|  0%| F|  |TAMS 0x0000000708e00000| PB 0x0000000708e00000| Untracked 
|  27|0x0000000709000000, 0x0000000709000000, 0x0000000709200000|  0%| F|  |TAMS 0x0000000709000000| PB 0x0000000709000000| Untracked 
|  28|0x0000000709200000, 0x0000000709200000, 0x0000000709400000|  0%| F|  |TAMS 0x0000000709200000| PB 0x0000000709200000| Untracked 
|  29|0x0000000709400000, 0x0000000709400000, 0x0000000709600000|  0%| F|  |TAMS 0x0000000709400000| PB 0x0000000709400000| Untracked 
|  30|0x0000000709600000, 0x0000000709600000, 0x0000000709800000|  0%| F|  |TAMS 0x0000000709600000| PB 0x0000000709600000| Untracked 
|  31|0x0000000709800000, 0x0000000709800000, 0x0000000709a00000|  0%| F|  |TAMS 0x0000000709800000| PB 0x0000000709800000| Untracked 
|  32|0x0000000709a00000, 0x0000000709a00000, 0x0000000709c00000|  0%| F|  |TAMS 0x0000000709a00000| PB 0x0000000709a00000| Untracked 
|  33|0x0000000709c00000, 0x0000000709c00000, 0x0000000709e00000|  0%| F|  |TAMS 0x0000000709c00000| PB 0x0000000709c00000| Untracked 
|  34|0x0000000709e00000, 0x0000000709e00000, 0x000000070a000000|  0%| F|  |TAMS 0x0000000709e00000| PB 0x0000000709e00000| Untracked 
|  35|0x000000070a000000, 0x000000070a000000, 0x000000070a200000|  0%| F|  |TAMS 0x000000070a000000| PB 0x000000070a000000| Untracked 
|  36|0x000000070a200000, 0x000000070a200000, 0x000000070a400000|  0%| F|  |TAMS 0x000000070a200000| PB 0x000000070a200000| Untracked 
|  37|0x000000070a400000, 0x000000070a400000, 0x000000070a600000|  0%| F|  |TAMS 0x000000070a400000| PB 0x000000070a400000| Untracked 
|  38|0x000000070a600000, 0x000000070a600000, 0x000000070a800000|  0%| F|  |TAMS 0x000000070a600000| PB 0x000000070a600000| Untracked 
|  39|0x000000070a800000, 0x000000070a800000, 0x000000070aa00000|  0%| F|  |TAMS 0x000000070a800000| PB 0x000000070a800000| Untracked 
|  40|0x000000070aa00000, 0x000000070aa00000, 0x000000070ac00000|  0%| F|  |TAMS 0x000000070aa00000| PB 0x000000070aa00000| Untracked 
|  41|0x000000070ac00000, 0x000000070ac00000, 0x000000070ae00000|  0%| F|  |TAMS 0x000000070ac00000| PB 0x000000070ac00000| Untracked 
|  42|0x000000070ae00000, 0x000000070ae00000, 0x000000070b000000|  0%| F|  |TAMS 0x000000070ae00000| PB 0x000000070ae00000| Untracked 
|  43|0x000000070b000000, 0x000000070b000000, 0x000000070b200000|  0%| F|  |TAMS 0x000000070b000000| PB 0x000000070b000000| Untracked 
|  44|0x000000070b200000, 0x000000070b200000, 0x000000070b400000|  0%| F|  |TAMS 0x000000070b200000| PB 0x000000070b200000| Untracked 
|  45|0x000000070b400000, 0x000000070b400000, 0x000000070b600000|  0%| F|  |TAMS 0x000000070b400000| PB 0x000000070b400000| Untracked 
|  46|0x000000070b600000, 0x000000070b600000, 0x000000070b800000|  0%| F|  |TAMS 0x000000070b600000| PB 0x000000070b600000| Untracked 
|  47|0x000000070b800000, 0x000000070b800000, 0x000000070ba00000|  0%| F|  |TAMS 0x000000070b800000| PB 0x000000070b800000| Untracked 
|  48|0x000000070ba00000, 0x000000070ba00000, 0x000000070bc00000|  0%| F|  |TAMS 0x000000070ba00000| PB 0x000000070ba00000| Untracked 
|  49|0x000000070bc00000, 0x000000070bc00000, 0x000000070be00000|  0%| F|  |TAMS 0x000000070bc00000| PB 0x000000070bc00000| Untracked 
|  50|0x000000070be00000, 0x000000070be00000, 0x000000070c000000|  0%| F|  |TAMS 0x000000070be00000| PB 0x000000070be00000| Untracked 
|  51|0x000000070c000000, 0x000000070c000000, 0x000000070c200000|  0%| F|  |TAMS 0x000000070c000000| PB 0x000000070c000000| Untracked 
|  52|0x000000070c200000, 0x000000070c200000, 0x000000070c400000|  0%| F|  |TAMS 0x000000070c200000| PB 0x000000070c200000| Untracked 
|  53|0x000000070c400000, 0x000000070c400000, 0x000000070c600000|  0%| F|  |TAMS 0x000000070c400000| PB 0x000000070c400000| Untracked 
|  54|0x000000070c600000, 0x000000070c600000, 0x000000070c800000|  0%| F|  |TAMS 0x000000070c600000| PB 0x000000070c600000| Untracked 
|  55|0x000000070c800000, 0x000000070c800000, 0x000000070ca00000|  0%| F|  |TAMS 0x000000070c800000| PB 0x000000070c800000| Untracked 
|  56|0x000000070ca00000, 0x000000070ca00000, 0x000000070cc00000|  0%| F|  |TAMS 0x000000070ca00000| PB 0x000000070ca00000| Untracked 
|  57|0x000000070cc00000, 0x000000070cc00000, 0x000000070ce00000|  0%| F|  |TAMS 0x000000070cc00000| PB 0x000000070cc00000| Untracked 
|  58|0x000000070ce00000, 0x000000070ce00000, 0x000000070d000000|  0%| F|  |TAMS 0x000000070ce00000| PB 0x000000070ce00000| Untracked 
|  59|0x000000070d000000, 0x000000070d000000, 0x000000070d200000|  0%| F|  |TAMS 0x000000070d000000| PB 0x000000070d000000| Untracked 
|  60|0x000000070d200000, 0x000000070d200000, 0x000000070d400000|  0%| F|  |TAMS 0x000000070d200000| PB 0x000000070d200000| Untracked 
|  61|0x000000070d400000, 0x000000070d400000, 0x000000070d600000|  0%| F|  |TAMS 0x000000070d400000| PB 0x000000070d400000| Untracked 
|  62|0x000000070d600000, 0x000000070d600000, 0x000000070d800000|  0%| F|  |TAMS 0x000000070d600000| PB 0x000000070d600000| Untracked 
|  63|0x000000070d800000, 0x000000070d800000, 0x000000070da00000|  0%| F|  |TAMS 0x000000070d800000| PB 0x000000070d800000| Untracked 
|  64|0x000000070da00000, 0x000000070da00000, 0x000000070dc00000|  0%| F|  |TAMS 0x000000070da00000| PB 0x000000070da00000| Untracked 
|  65|0x000000070dc00000, 0x000000070dc00000, 0x000000070de00000|  0%| F|  |TAMS 0x000000070dc00000| PB 0x000000070dc00000| Untracked 
|  66|0x000000070de00000, 0x000000070de00000, 0x000000070e000000|  0%| F|  |TAMS 0x000000070de00000| PB 0x000000070de00000| Untracked 
|  67|0x000000070e000000, 0x000000070e000000, 0x000000070e200000|  0%| F|  |TAMS 0x000000070e000000| PB 0x000000070e000000| Untracked 
|  68|0x000000070e200000, 0x000000070e200000, 0x000000070e400000|  0%| F|  |TAMS 0x000000070e200000| PB 0x000000070e200000| Untracked 
|  69|0x000000070e400000, 0x000000070e500000, 0x000000070e600000| 50%| E|  |TAMS 0x000000070e400000| PB 0x000000070e400000| Complete 
|  70|0x000000070e600000, 0x000000070e800000, 0x000000070e800000|100%| E|CS|TAMS 0x000000070e600000| PB 0x000000070e600000| Complete 
|  71|0x000000070e800000, 0x000000070ea00000, 0x000000070ea00000|100%| E|CS|TAMS 0x000000070e800000| PB 0x000000070e800000| Complete 
|  72|0x000000070ea00000, 0x000000070ec00000, 0x000000070ec00000|100%| E|CS|TAMS 0x000000070ea00000| PB 0x000000070ea00000| Complete 
|  73|0x000000070ec00000, 0x000000070ee00000, 0x000000070ee00000|100%| E|CS|TAMS 0x000000070ec00000| PB 0x000000070ec00000| Complete 
|  74|0x000000070ee00000, 0x000000070ee360c0, 0x000000070f000000| 10%| S|CS|TAMS 0x000000070ee00000| PB 0x000000070ee00000| Complete 
|  75|0x000000070f000000, 0x000000070f200000, 0x000000070f200000|100%| S|CS|TAMS 0x000000070f000000| PB 0x000000070f000000| Complete 
|  76|0x000000070f200000, 0x000000070f400000, 0x000000070f400000|100%| S|CS|TAMS 0x000000070f200000| PB 0x000000070f200000| Complete 
|  77|0x000000070f400000, 0x000000070f600000, 0x000000070f600000|100%| S|CS|TAMS 0x000000070f400000| PB 0x000000070f400000| Complete 
|  78|0x000000070f600000, 0x000000070f800000, 0x000000070f800000|100%| S|CS|TAMS 0x000000070f600000| PB 0x000000070f600000| Complete 
|  79|0x000000070f800000, 0x000000070fa00000, 0x000000070fa00000|100%| S|CS|TAMS 0x000000070f800000| PB 0x000000070f800000| Complete 
|  80|0x000000070fa00000, 0x000000070fc00000, 0x000000070fc00000|100%| E|CS|TAMS 0x000000070fa00000| PB 0x000000070fa00000| Complete 
|  81|0x000000070fc00000, 0x000000070fe00000, 0x000000070fe00000|100%| E|CS|TAMS 0x000000070fc00000| PB 0x000000070fc00000| Complete 
|  82|0x000000070fe00000, 0x0000000710000000, 0x0000000710000000|100%| E|CS|TAMS 0x000000070fe00000| PB 0x000000070fe00000| Complete 
|  83|0x0000000710000000, 0x0000000710200000, 0x0000000710200000|100%| E|CS|TAMS 0x0000000710000000| PB 0x0000000710000000| Complete 
|  84|0x0000000710200000, 0x0000000710400000, 0x0000000710400000|100%| E|CS|TAMS 0x0000000710200000| PB 0x0000000710200000| Complete 
|  85|0x0000000710400000, 0x0000000710600000, 0x0000000710600000|100%| E|CS|TAMS 0x0000000710400000| PB 0x0000000710400000| Complete 
|  86|0x0000000710600000, 0x0000000710800000, 0x0000000710800000|100%| E|CS|TAMS 0x0000000710600000| PB 0x0000000710600000| Complete 
|  87|0x0000000710800000, 0x0000000710a00000, 0x0000000710a00000|100%| E|CS|TAMS 0x0000000710800000| PB 0x0000000710800000| Complete 
|  88|0x0000000710a00000, 0x0000000710c00000, 0x0000000710c00000|100%| E|CS|TAMS 0x0000000710a00000| PB 0x0000000710a00000| Complete 
|  89|0x0000000710c00000, 0x0000000710e00000, 0x0000000710e00000|100%| E|CS|TAMS 0x0000000710c00000| PB 0x0000000710c00000| Complete 
|  90|0x0000000710e00000, 0x0000000711000000, 0x0000000711000000|100%| E|CS|TAMS 0x0000000710e00000| PB 0x0000000710e00000| Complete 
|  91|0x0000000711000000, 0x0000000711200000, 0x0000000711200000|100%| E|CS|TAMS 0x0000000711000000| PB 0x0000000711000000| Complete 
|  92|0x0000000711200000, 0x0000000711400000, 0x0000000711400000|100%| E|CS|TAMS 0x0000000711200000| PB 0x0000000711200000| Complete 
|  93|0x0000000711400000, 0x0000000711600000, 0x0000000711600000|100%| E|CS|TAMS 0x0000000711400000| PB 0x0000000711400000| Complete 
|  94|0x0000000711600000, 0x0000000711800000, 0x0000000711800000|100%| E|CS|TAMS 0x0000000711600000| PB 0x0000000711600000| Complete 
|  95|0x0000000711800000, 0x0000000711a00000, 0x0000000711a00000|100%| E|CS|TAMS 0x0000000711800000| PB 0x0000000711800000| Complete 
|  96|0x0000000711a00000, 0x0000000711c00000, 0x0000000711c00000|100%| E|CS|TAMS 0x0000000711a00000| PB 0x0000000711a00000| Complete 
|  97|0x0000000711c00000, 0x0000000711e00000, 0x0000000711e00000|100%| E|CS|TAMS 0x0000000711c00000| PB 0x0000000711c00000| Complete 
|  98|0x0000000711e00000, 0x0000000712000000, 0x0000000712000000|100%| E|CS|TAMS 0x0000000711e00000| PB 0x0000000711e00000| Complete 
|  99|0x0000000712000000, 0x0000000712200000, 0x0000000712200000|100%| E|CS|TAMS 0x0000000712000000| PB 0x0000000712000000| Complete 
| 100|0x0000000712200000, 0x0000000712400000, 0x0000000712400000|100%| E|CS|TAMS 0x0000000712200000| PB 0x0000000712200000| Complete 
| 101|0x0000000712400000, 0x0000000712600000, 0x0000000712600000|100%| E|CS|TAMS 0x0000000712400000| PB 0x0000000712400000| Complete 
| 102|0x0000000712600000, 0x0000000712800000, 0x0000000712800000|100%| E|CS|TAMS 0x0000000712600000| PB 0x0000000712600000| Complete 
| 103|0x0000000712800000, 0x0000000712a00000, 0x0000000712a00000|100%| E|CS|TAMS 0x0000000712800000| PB 0x0000000712800000| Complete 
| 104|0x0000000712a00000, 0x0000000712c00000, 0x0000000712c00000|100%| E|CS|TAMS 0x0000000712a00000| PB 0x0000000712a00000| Complete 
| 105|0x0000000712c00000, 0x0000000712e00000, 0x0000000712e00000|100%| E|CS|TAMS 0x0000000712c00000| PB 0x0000000712c00000| Complete 
| 106|0x0000000712e00000, 0x0000000713000000, 0x0000000713000000|100%| E|CS|TAMS 0x0000000712e00000| PB 0x0000000712e00000| Complete 
| 107|0x0000000713000000, 0x0000000713200000, 0x0000000713200000|100%| E|CS|TAMS 0x0000000713000000| PB 0x0000000713000000| Complete 
| 108|0x0000000713200000, 0x0000000713400000, 0x0000000713400000|100%| E|CS|TAMS 0x0000000713200000| PB 0x0000000713200000| Complete 
| 109|0x0000000713400000, 0x0000000713600000, 0x0000000713600000|100%| E|CS|TAMS 0x0000000713400000| PB 0x0000000713400000| Complete 
| 110|0x0000000713600000, 0x0000000713800000, 0x0000000713800000|100%| E|CS|TAMS 0x0000000713600000| PB 0x0000000713600000| Complete 
| 111|0x0000000713800000, 0x0000000713a00000, 0x0000000713a00000|100%| E|CS|TAMS 0x0000000713800000| PB 0x0000000713800000| Complete 
| 112|0x0000000713a00000, 0x0000000713c00000, 0x0000000713c00000|100%| E|CS|TAMS 0x0000000713a00000| PB 0x0000000713a00000| Complete 
| 113|0x0000000713c00000, 0x0000000713e00000, 0x0000000713e00000|100%| E|CS|TAMS 0x0000000713c00000| PB 0x0000000713c00000| Complete 
| 114|0x0000000713e00000, 0x0000000714000000, 0x0000000714000000|100%| E|CS|TAMS 0x0000000713e00000| PB 0x0000000713e00000| Complete 
| 115|0x0000000714000000, 0x0000000714200000, 0x0000000714200000|100%| E|CS|TAMS 0x0000000714000000| PB 0x0000000714000000| Complete 
| 116|0x0000000714200000, 0x0000000714400000, 0x0000000714400000|100%| E|CS|TAMS 0x0000000714200000| PB 0x0000000714200000| Complete 
| 117|0x0000000714400000, 0x0000000714600000, 0x0000000714600000|100%| E|CS|TAMS 0x0000000714400000| PB 0x0000000714400000| Complete 
| 118|0x0000000714600000, 0x0000000714800000, 0x0000000714800000|100%| E|CS|TAMS 0x0000000714600000| PB 0x0000000714600000| Complete 
| 119|0x0000000714800000, 0x0000000714a00000, 0x0000000714a00000|100%| E|CS|TAMS 0x0000000714800000| PB 0x0000000714800000| Complete 
| 120|0x0000000714a00000, 0x0000000714c00000, 0x0000000714c00000|100%| E|CS|TAMS 0x0000000714a00000| PB 0x0000000714a00000| Complete 
| 121|0x0000000714c00000, 0x0000000714e00000, 0x0000000714e00000|100%| E|CS|TAMS 0x0000000714c00000| PB 0x0000000714c00000| Complete 
| 122|0x0000000714e00000, 0x0000000715000000, 0x0000000715000000|100%| E|CS|TAMS 0x0000000714e00000| PB 0x0000000714e00000| Complete 
| 123|0x0000000715000000, 0x0000000715200000, 0x0000000715200000|100%| E|CS|TAMS 0x0000000715000000| PB 0x0000000715000000| Complete 
| 124|0x0000000715200000, 0x0000000715400000, 0x0000000715400000|100%| E|CS|TAMS 0x0000000715200000| PB 0x0000000715200000| Complete 
| 125|0x0000000715400000, 0x0000000715600000, 0x0000000715600000|100%| E|CS|TAMS 0x0000000715400000| PB 0x0000000715400000| Complete 

Card table byte_map: [0x00000232da0b0000,0x00000232da890000] _byte_map_base: 0x00000232d6883000

Marking Bits: (CMBitMap*) 0x00000232bf24bed0
 Bits: [0x00000232da890000, 0x00000232de728000)

Polling page: 0x00000232bf500000

Metaspace:

Usage:
  Non-class:     17.90 MB used.
      Class:      2.31 MB used.
       Both:     20.22 MB used.

Virtual space:
  Non-class space:       64.00 MB reserved,      18.12 MB ( 28%) committed,  1 nodes.
      Class space:        1.00 GB reserved,       2.50 MB ( <1%) committed,  1 nodes.
             Both:        1.06 GB reserved,      20.62 MB (  2%) committed. 

Chunk freelists:
   Non-Class:  13.42 MB
       Class:  13.54 MB
        Both:  26.96 MB

MaxMetaspaceSize: unlimited
CompressedClassSpaceSize: 1.00 GB
Initial GC threshold: 21.00 MB
Current GC threshold: 21.00 MB
CDS: on
 - commit_granule_bytes: 65536.
 - commit_granule_words: 8192.
 - virtual_space_node_default_size: 8388608.
 - enlarge_chunks_in_place: 1.
 - use_allocation_guard: 0.


Internal statistics:

num_allocs_failed_limit: 0.
num_arena_births: 326.
num_arena_deaths: 0.
num_vsnodes_births: 2.
num_vsnodes_deaths: 0.
num_space_committed: 330.
num_space_uncommitted: 0.
num_chunks_returned_to_freelist: 0.
num_chunks_taken_from_freelist: 994.
num_chunk_merges: 0.
num_chunk_splits: 660.
num_chunks_enlarged: 472.
num_inconsistent_stats: 0.

CodeHeap 'non-profiled nmethods': size=120000Kb used=3210Kb max_used=3210Kb free=116789Kb
 bounds [0x00000232d1700000, 0x00000232d1a30000, 0x00000232d8c30000]
CodeHeap 'profiled nmethods': size=120000Kb used=11517Kb max_used=11517Kb free=108482Kb
 bounds [0x00000232c9c30000, 0x00000232ca770000, 0x00000232d1160000]
CodeHeap 'non-nmethods': size=5760Kb used=1391Kb max_used=1445Kb free=4368Kb
 bounds [0x00000232d1160000, 0x00000232d13d0000, 0x00000232d1700000]
CodeCache: size=245760Kb, used=16118Kb, max_used=16172Kb, free=229639Kb
 total_blobs=5935, nmethods=5387, adapters=452, full_count=0
Compilation: enabled, stopped_count=0, restarted_count=0

Compilation events (20 events):
Event: 8.289 Thread 0x00000232e144fd00 nmethod 5348 0x00000232ca75ae90 code [0x00000232ca75b0e0, 0x00000232ca75b9b8]
Event: 8.289 Thread 0x00000232e144fd00 5349       3       org.eclipse.aether.named.support.ReadWriteLockNamedLock::<init> (24 bytes)
Event: 8.290 Thread 0x00000232e144fd00 nmethod 5349 0x00000232ca75bd10 code [0x00000232ca75bf40, 0x00000232ca75c628]
Event: 8.290 Thread 0x00000232e144fd00 5350       3       org.eclipse.aether.named.support.NamedLockSupport::<init> (48 bytes)
Event: 8.290 Thread 0x00000232e144fd00 nmethod 5350 0x00000232ca75c890 code [0x00000232ca75ca80, 0x00000232ca75d078]
Event: 8.290 Thread 0x00000232e144fd00 5351       3       org.eclipse.aether.named.support.NamedLockFactorySupport$NamedLockHolder::<init> (28 bytes)
Event: 8.290 Thread 0x00000232e144fd00 nmethod 5351 0x00000232ca75d290 code [0x00000232ca75d480, 0x00000232ca75d980]
Event: 8.290 Thread 0x00000232e144fd00 5352       3       org.eclipse.aether.named.support.ReadWriteLockNamedLock::doLockShared (45 bytes)
Event: 8.290 Thread 0x00000232e144fd00 nmethod 5352 0x00000232ca75db90 code [0x00000232ca75dd80, 0x00000232ca75e3d0]
Event: 8.290 Thread 0x00000232e144fd00 5353       3       org.eclipse.aether.named.support.ReadWriteLockNamedLock$$Lambda/0x00000232e32440e8::get (8 bytes)
Event: 8.291 Thread 0x00000232e144fd00 nmethod 5353 0x00000232ca75e610 code [0x00000232ca75e7c0, 0x00000232ca75eb48]
Event: 8.291 Thread 0x00000232e144fd00 5346       3       java.util.TreeMap::rotateRight (96 bytes)
Event: 8.291 Thread 0x00000232e144fd00 nmethod 5346 0x00000232ca75ec90 code [0x00000232ca75ee60, 0x00000232ca75f3b0]
Event: 8.293 Thread 0x00000232e1451840 nmethod 5319 0x00000232d1a12a10 code [0x00000232d1a12c00, 0x00000232d1a13378]
Event: 8.293 Thread 0x00000232e1451840 5318       4       java.util.IdentityHashMap::nextKeyIndex (15 bytes)
Event: 8.293 Thread 0x00000232e1451840 nmethod 5318 0x00000232d1a13710 code [0x00000232d1a13880, 0x00000232d1a138f8]
Event: 8.293 Thread 0x00000232e1451840 5316       4       java.lang.Integer::equals (29 bytes)
Event: 8.294 Thread 0x00000232e1451840 nmethod 5316 0x00000232d1a13a10 code [0x00000232d1a13ba0, 0x00000232d1a13c68]
Event: 8.294 Thread 0x00000232e1451840 5324       4       org.eclipse.aether.util.graph.transformer.ConflictResolver$State::push (457 bytes)
Event: 8.340 Thread 0x00000232e144fd00 5354       3       sun.nio.ch.FileLockTable::removeKeyIfEmpty (64 bytes)

GC Heap History (6 events):
Event: 1.477 GC heap before
{Heap before GC invocations=0 (full 0):
 garbage-first heap   total 258048K, used 22528K [0x0000000705a00000, 0x0000000800000000)
  region size 2048K, 11 young (22528K), 0 survivors (0K)
 Metaspace       used 6901K, committed 7232K, reserved 1114112K
  class space    used 787K, committed 960K, reserved 1048576K
}
Event: 1.488 GC heap after
{Heap after GC invocations=1 (full 0):
 garbage-first heap   total 258048K, used 4990K [0x0000000705a00000, 0x0000000800000000)
  region size 2048K, 2 young (4096K), 2 survivors (4096K)
 Metaspace       used 6901K, committed 7232K, reserved 1114112K
  class space    used 787K, committed 960K, reserved 1048576K
}
Event: 2.062 GC heap before
{Heap before GC invocations=1 (full 0):
 garbage-first heap   total 258048K, used 31614K [0x0000000705a00000, 0x0000000800000000)
  region size 2048K, 16 young (32768K), 2 survivors (4096K)
 Metaspace       used 10705K, committed 10944K, reserved 1114112K
  class space    used 1284K, committed 1408K, reserved 1048576K
}
Event: 2.068 GC heap after
{Heap after GC invocations=2 (full 0):
 garbage-first heap   total 258048K, used 6642K [0x0000000705a00000, 0x0000000800000000)
  region size 2048K, 1 young (2048K), 1 survivors (2048K)
 Metaspace       used 10705K, committed 10944K, reserved 1114112K
  class space    used 1284K, committed 1408K, reserved 1048576K
}
Event: 4.986 GC heap before
{Heap before GC invocations=2 (full 0):
 garbage-first heap   total 258048K, used 96754K [0x0000000705a00000, 0x0000000800000000)
  region size 2048K, 46 young (94208K), 1 survivors (2048K)
 Metaspace       used 19781K, committed 20160K, reserved 1114112K
  class space    used 2359K, committed 2560K, reserved 1048576K
}
Event: 4.994 GC heap after
{Heap after GC invocations=3 (full 0):
 garbage-first heap   total 258048K, used 15689K [0x0000000705a00000, 0x0000000800000000)
  region size 2048K, 6 young (12288K), 6 survivors (12288K)
 Metaspace       used 19781K, committed 20160K, reserved 1114112K
  class space    used 2359K, committed 2560K, reserved 1048576K
}

Dll operation events (14 events):
Event: 0.131 Loaded shared library C:\Users\shivanandh.t\.jdks\ms-21.0.10\bin\java.dll
Event: 0.192 Loaded shared library C:\Users\shivanandh.t\.jdks\ms-21.0.10\bin\jsvml.dll
Event: 0.232 Loaded shared library C:\Users\shivanandh.t\.jdks\ms-21.0.10\bin\zip.dll
Event: 0.237 Loaded shared library C:\Users\shivanandh.t\.jdks\ms-21.0.10\bin\instrument.dll
Event: 0.250 Loaded shared library C:\Users\shivanandh.t\.jdks\ms-21.0.10\bin\net.dll
Event: 0.259 Loaded shared library C:\Users\shivanandh.t\.jdks\ms-21.0.10\bin\nio.dll
Event: 0.265 Loaded shared library C:\Users\shivanandh.t\.jdks\ms-21.0.10\bin\zip.dll
Event: 0.303 Loaded shared library C:\Users\shivanandh.t\.jdks\ms-21.0.10\bin\extnet.dll
Event: 0.308 Loaded shared library C:\Users\shivanandh.t\.jdks\ms-21.0.10\bin\jimage.dll
Event: 0.653 Loaded shared library C:\Users\shivanandh.t\.config\.cool-request\request\lib\cool-request-agent.dll
Event: 0.686 Loaded shared library C:\Program Files\JetBrains\IntelliJ IDEA Community Edition 2024.2.0.1\bin\breakgen64.dll
Event: 1.092 Loaded shared library C:\Users\shivanandh.t\AppData\Local\Temp\jansi-2.4.1-b6cf0aa42151b964-jansi.dll
Event: 1.182 Loaded shared library C:\Users\shivanandh.t\.jdks\ms-21.0.10\bin\verify.dll
Event: 1.260 Loaded shared library C:\Users\shivanandh.t\.jdks\ms-21.0.10\bin\rmi.dll

Deoptimization events (20 events):
Event: 7.965 Thread 0x00000232bfcee260 DEOPT PACKING pc=0x00000232d19d8bb4 sp=0x00000053b14fbe00
Event: 7.965 Thread 0x00000232bfcee260 DEOPT UNPACKING pc=0x00000232d11b4422 sp=0x00000053b14fbde0 mode 2
Event: 7.965 Thread 0x00000232bfcee260 Uncommon trap: trap_request=0xffffff45 fr.pc=0x00000232d19a2e7c relative=0x0000000000000b3c
Event: 7.965 Thread 0x00000232bfcee260 Uncommon trap: reason=unstable_if action=reinterpret pc=0x00000232d19a2e7c method=org.eclipse.aether.artifact.DefaultArtifact.merge(Ljava/util/Map;Ljava/util/Map;)Ljava/util/Map; @ 1 c2
Event: 7.965 Thread 0x00000232bfcee260 DEOPT PACKING pc=0x00000232d19a2e7c sp=0x00000053b14fbd40
Event: 7.965 Thread 0x00000232bfcee260 DEOPT UNPACKING pc=0x00000232d11b4422 sp=0x00000053b14fbcb8 mode 2
Event: 8.275 Thread 0x00000232bfcee260 Uncommon trap: trap_request=0xffffff45 fr.pc=0x00000232d19910dc relative=0x000000000000029c
Event: 8.275 Thread 0x00000232bfcee260 Uncommon trap: reason=unstable_if action=reinterpret pc=0x00000232d19910dc method=java.util.HashMap.hash(Ljava/lang/Object;)I @ 1 c2
Event: 8.275 Thread 0x00000232bfcee260 DEOPT PACKING pc=0x00000232d19910dc sp=0x00000053b14fdc90
Event: 8.275 Thread 0x00000232bfcee260 DEOPT UNPACKING pc=0x00000232d11b4422 sp=0x00000053b14fdb28 mode 2
Event: 8.275 Thread 0x00000232bfcee260 Uncommon trap: trap_request=0xffffff45 fr.pc=0x00000232d198c8dc relative=0x000000000000029c
Event: 8.275 Thread 0x00000232bfcee260 Uncommon trap: reason=unstable_if action=reinterpret pc=0x00000232d198c8dc method=java.util.HashMap.hash(Ljava/lang/Object;)I @ 1 c2
Event: 8.275 Thread 0x00000232bfcee260 DEOPT PACKING pc=0x00000232d198c8dc sp=0x00000053b14fdc20
Event: 8.275 Thread 0x00000232bfcee260 DEOPT UNPACKING pc=0x00000232d11b4422 sp=0x00000053b14fdb28 mode 2
Event: 8.275 Thread 0x00000232bfcee260 Uncommon trap: trap_request=0xffffff45 fr.pc=0x00000232d17b5ad0 relative=0x00000000000000b0
Event: 8.275 Thread 0x00000232bfcee260 Uncommon trap: reason=unstable_if action=reinterpret pc=0x00000232d17b5ad0 method=java.util.HashMap.hash(Ljava/lang/Object;)I @ 1 c2
Event: 8.275 Thread 0x00000232bfcee260 DEOPT PACKING pc=0x00000232d17b5ad0 sp=0x00000053b14fdb90
Event: 8.275 Thread 0x00000232bfcee260 DEOPT UNPACKING pc=0x00000232d11b4422 sp=0x00000053b14fdb28 mode 2
Event: 9.328 Thread 0x00000232bfcee260 DEOPT PACKING pc=0x00000232ca36497e sp=0x00000053b14fcff0
Event: 9.328 Thread 0x00000232bfcee260 DEOPT UNPACKING pc=0x00000232d11b4bc2 sp=0x00000053b14fc460 mode 0

Classes loaded (20 events):
Event: 3.631 Loading class java/time/zone/Ser
Event: 3.632 Loading class java/time/zone/Ser done
Event: 3.632 Loading class java/time/zone/ZoneOffsetTransition
Event: 3.633 Loading class java/time/zone/ZoneOffsetTransition done
Event: 3.634 Loading class sun/util/cldr/CLDRBaseLocaleDataMetaInfo$TZCanonicalIDMapHolder
Event: 3.635 Loading class sun/util/cldr/CLDRBaseLocaleDataMetaInfo$TZCanonicalIDMapHolder done
Event: 3.637 Loading class sun/util/resources/TimeZoneNames
Event: 3.637 Loading class sun/util/resources/TimeZoneNames done
Event: 3.638 Loading class sun/util/resources/TimeZoneNames_en
Event: 3.638 Loading class sun/util/resources/TimeZoneNames_en done
Event: 4.616 Loading class java/util/stream/MatchOps$MatchKind
Event: 4.616 Loading class java/util/stream/MatchOps$MatchKind done
Event: 4.616 Loading class java/util/stream/MatchOps
Event: 4.617 Loading class java/util/stream/MatchOps done
Event: 4.617 Loading class java/util/stream/MatchOps$MatchOp
Event: 4.617 Loading class java/util/stream/MatchOps$MatchOp done
Event: 4.617 Loading class java/util/stream/MatchOps$BooleanTerminalSink
Event: 4.617 Loading class java/util/stream/MatchOps$BooleanTerminalSink done
Event: 4.618 Loading class java/util/stream/MatchOps$1MatchSink
Event: 4.618 Loading class java/util/stream/MatchOps$1MatchSink done

Classes unloaded (0 events):
No events

Classes redefined (0 events):
No events

Internal exceptions (20 events):
Event: 2.606 Thread 0x00000232bfcee260 Exception <a 'java/lang/NoSuchMethodError'{0x000000071412e518}: 'long java.lang.invoke.DirectMethodHandle$Holder.invokeStatic(java.lang.Object, java.lang.Object, int)'> (0x000000071412e518) 
thrown [s\src\hotspot\share\interpreter\linkResolver.cpp, line 773]
Event: 2.608 Thread 0x00000232bfcee260 Exception <a 'java/lang/NoSuchMethodError'{0x00000007141415c8}: 'java.lang.Object java.lang.invoke.DirectMethodHandle$Holder.invokeStatic(java.lang.Object, java.lang.Object, java.lang.Object, java.lang.Object, int)'> (0x00000007141415c8) 
thrown [s\src\hotspot\share\interpreter\linkResolver.cpp, line 773]
Event: 2.608 Thread 0x00000232bfcee260 Exception <a 'java/lang/NoSuchMethodError'{0x00000007141494b8}: 'java.lang.Object java.lang.invoke.DirectMethodHandle$Holder.invokeSpecial(java.lang.Object, java.lang.Object, java.lang.Object, java.lang.Object, long)'> (0x00000007141494b8) 
thrown [s\src\hotspot\share\interpreter\linkResolver.cpp, line 773]
Event: 2.609 Thread 0x00000232bfcee260 Exception <a 'java/lang/NoSuchMethodError'{0x0000000714154a88}: 'java.lang.Object java.lang.invoke.DirectMethodHandle$Holder.invokeSpecial(java.lang.Object, java.lang.Object, java.lang.Object, int, java.lang.Object)'> (0x0000000714154a88) 
thrown [s\src\hotspot\share\interpreter\linkResolver.cpp, line 773]
Event: 2.610 Thread 0x00000232bfcee260 Exception <a 'java/lang/NoSuchMethodError'{0x000000071415cbf0}: 'int java.lang.invoke.DirectMethodHandle$Holder.invokeSpecial(java.lang.Object, java.lang.Object, java.lang.Object, int)'> (0x000000071415cbf0) 
thrown [s\src\hotspot\share\interpreter\linkResolver.cpp, line 773]
Event: 2.614 Thread 0x00000232bfcee260 Implicit null exception at 0x00000232d17ac7da to 0x00000232d17ac9d4
Event: 2.617 Thread 0x00000232bfcee260 Exception <a 'java/lang/NoSuchMethodError'{0x0000000714180af0}: 'java.lang.Object java.lang.invoke.Invokers$Holder.invokeExact_MT(java.lang.Object, int, java.lang.Object)'> (0x0000000714180af0) 
thrown [s\src\hotspot\share\interpreter\linkResolver.cpp, line 773]
Event: 2.808 Thread 0x00000232bfcee260 Exception <a 'java/lang/NoSuchMethodError'{0x00000007139cf470}: 'void java.lang.invoke.Invokers$Holder.invokeExact_MT(java.lang.Object, java.lang.Object, java.lang.Object, java.lang.Object)'> (0x00000007139cf470) 
thrown [s\src\hotspot\share\interpreter\linkResolver.cpp, line 773]
Event: 2.828 Thread 0x00000232bfcee260 Exception <a 'java/lang/NoClassDefFoundError'{0x000000071365f2b8}: com/google/inject/servlet/ServletModuleTargetVisitor> (0x000000071365f2b8) 
thrown [s\src\hotspot\share\classfile\systemDictionary.cpp, line 301]
Event: 2.912 Thread 0x00000232bfcee260 Exception <a 'java/lang/NoSuchMethodError'{0x000000071330cc38}: 'void java.lang.invoke.DirectMethodHandle$Holder.invokeVirtual(java.lang.Object, java.lang.Object)'> (0x000000071330cc38) 
thrown [s\src\hotspot\share\interpreter\linkResolver.cpp, line 773]
Event: 3.054 Thread 0x00000232bfcee260 Implicit null exception at 0x00000232d1745fa4 to 0x00000232d174661c
Event: 3.054 Thread 0x00000232bfcee260 Implicit null exception at 0x00000232d1734ba0 to 0x00000232d173520c
Event: 3.095 Thread 0x00000232bfcee260 Exception <a 'java/lang/NoSuchMethodError'{0x0000000712d27598}: 'void java.lang.invoke.DirectMethodHandle$Holder.invokeSpecial(java.lang.Object, java.lang.Object, java.lang.Object, java.lang.Object, java.lang.Object)'> (0x0000000712d27598) 
thrown [s\src\hotspot\share\interpreter\linkResolver.cpp, line 773]
Event: 3.098 Thread 0x00000232bfcee260 Exception <a 'java/lang/NoSuchMethodError'{0x0000000712d3da98}: 'void java.lang.invoke.DirectMethodHandle$Holder.invokeSpecial(java.lang.Object, java.lang.Object, java.lang.Object, java.lang.Object, java.lang.Object, java.lang.Object)'> (0x0000000712d3da98) 
thrown [s\src\hotspot\share\interpreter\linkResolver.cpp, line 773]
Event: 3.124 Thread 0x00000232bfcee260 Exception <a 'java/lang/NoSuchMethodError'{0x0000000712abc7f0}: 'java.lang.Object java.lang.invoke.DirectMethodHandle$Holder.invokeVirtual(java.lang.Object, java.lang.Object, java.lang.Object)'> (0x0000000712abc7f0) 
thrown [s\src\hotspot\share\interpreter\linkResolver.cpp, line 773]
Event: 3.193 Thread 0x00000232bfcee260 Exception <a 'java/lang/NoSuchMethodError'{0x0000000712888ae0}: 'void java.lang.invoke.DirectMethodHandle$Holder.invokeVirtual(java.lang.Object, java.lang.Object, int)'> (0x0000000712888ae0) 
thrown [s\src\hotspot\share\interpreter\linkResolver.cpp, line 773]
Event: 3.194 Thread 0x00000232bfcee260 Exception <a 'java/lang/NoSuchMethodError'{0x000000071288c7f8}: 'void java.lang.invoke.DelegatingMethodHandle$Holder.reinvoke_L(java.lang.Object, java.lang.Object, int)'> (0x000000071288c7f8) 
thrown [s\src\hotspot\share\interpreter\linkResolver.cpp, line 773]
Event: 8.275 Thread 0x00000232bfcee260 Implicit null exception at 0x00000232d1990e9b to 0x00000232d19910bc
Event: 8.275 Thread 0x00000232bfcee260 Implicit null exception at 0x00000232d198c69b to 0x00000232d198c8bc
Event: 8.275 Thread 0x00000232bfcee260 Implicit null exception at 0x00000232d17b5a3d to 0x00000232d17b5ac1

ZGC Phase Switch (0 events):
No events

VM Operations (20 events):
Event: 2.918 Executing safepoint VM operation: ICBufferFull
Event: 2.919 Executing safepoint VM operation: ICBufferFull done
Event: 2.974 Executing non-safepoint VM operation: HandshakeAllThreads (Deoptimize)
Event: 2.975 Executing non-safepoint VM operation: HandshakeAllThreads (Deoptimize) done
Event: 3.023 Executing non-safepoint VM operation: HandshakeAllThreads (Deoptimize)
Event: 3.023 Executing non-safepoint VM operation: HandshakeAllThreads (Deoptimize) done
Event: 3.024 Executing non-safepoint VM operation: HandshakeAllThreads (Deoptimize)
Event: 3.024 Executing non-safepoint VM operation: HandshakeAllThreads (Deoptimize) done
Event: 3.454 Executing safepoint VM operation: ICBufferFull
Event: 3.454 Executing safepoint VM operation: ICBufferFull done
Event: 4.330 Executing safepoint VM operation: ICBufferFull
Event: 4.330 Executing safepoint VM operation: ICBufferFull done
Event: 4.986 Executing safepoint VM operation: G1CollectForAllocation (G1 Evacuation Pause)
Event: 4.994 Executing safepoint VM operation: G1CollectForAllocation (G1 Evacuation Pause) done
Event: 5.681 Executing safepoint VM operation: ICBufferFull
Event: 5.681 Executing safepoint VM operation: ICBufferFull done
Event: 6.358 Executing safepoint VM operation: ICBufferFull
Event: 6.359 Executing safepoint VM operation: ICBufferFull done
Event: 8.280 Executing safepoint VM operation: ICBufferFull
Event: 8.281 Executing safepoint VM operation: ICBufferFull done

Memory protections (0 events):
No events

Nmethod flushes (0 events):
No events

Events (20 events):
Event: 1.256 Thread 0x00000232e1430900 Thread added: 0x000002332719f3d0
Event: 1.261 Thread 0x00000232e1430900 Thread added: 0x00000233271a0e10
Event: 1.409 Thread 0x00000232e1430900 Thread added: 0x00000233271a00f0
Event: 1.427 Thread 0x00000232e1430900 Thread added: 0x00000233271a0780
Event: 1.446 Thread 0x00000232e1430900 Thread exited: 0x00000232e1430900
Event: 1.454 Thread 0x000002332719e6b0 Thread added: 0x00000233271a1b30
Event: 1.475 Thread 0x00000233271a14a0 Thread added: 0x000002332719fa60
Event: 1.493 Thread 0x00000233271a0780 Thread exited: 0x00000233271a0780
Event: 1.713 Thread 0x00000232e1442350 Thread added: 0x00000232e1452cb0
Event: 2.535 Thread 0x00000232e1452cb0 Thread exited: 0x00000232e1452cb0
Event: 2.991 Thread 0x00000232bfcee260 Thread added: 0x00000233271a21c0
Event: 3.122 Thread 0x00000232e144fd00 Thread added: 0x00000232e14503d0
Event: 3.354 Thread 0x00000232e1431cb0 Thread exited: 0x00000232e1431cb0
Event: 4.301 Thread 0x00000232e14503d0 Thread exited: 0x00000232e14503d0
Event: 4.682 Thread 0x00000232e144fd00 Thread added: 0x00000232e1453380
Event: 6.149 Thread 0x00000232e1453380 Thread exited: 0x00000232e1453380
Event: 6.326 Thread 0x00000232e144fd00 Thread added: 0x00000232e14503d0
Event: 6.984 Thread 0x00000232e14503d0 Thread exited: 0x00000232e14503d0
Event: 6.984 Thread 0x00000232e1451f10 Thread exited: 0x00000232e1451f10
Event: 8.283 Thread 0x00000232e144fd00 Thread added: 0x00000232e1451840


Dynamic libraries:
0x00007ff7aaec0000 - 0x00007ff7aaece000 	C:\Users\shivanandh.t\.jdks\ms-21.0.10\bin\java.exe
0x00007ffdbb060000 - 0x00007ffdbb2c8000 	C:\WINDOWS\SYSTEM32\ntdll.dll
0x00007ffdb95d0000 - 0x00007ffdb9699000 	C:\WINDOWS\System32\KERNEL32.DLL
0x00007ffdb8890000 - 0x00007ffdb8c81000 	C:\WINDOWS\System32\KERNELBASE.dll
0x00007ffdb7650000 - 0x00007ffdb7805000 	C:\Windows\system32\hmpalert.dll
0x00007ffdb7460000 - 0x00007ffdb764c000 	C:\WINDOWS\System32\SophosED\SophosED.dll
0x00007ffdb7c10000 - 0x00007ffdb7d5b000 	C:\WINDOWS\System32\ucrtbase.dll
0x00007ffda5c00000 - 0x00007ffda5c18000 	C:\Users\shivanandh.t\.jdks\ms-21.0.10\bin\jli.dll
0x00007ffda4120000 - 0x00007ffda413e000 	C:\Users\shivanandh.t\.jdks\ms-21.0.10\bin\VCRUNTIME140.dll
0x00007ffdba820000 - 0x00007ffdba9e6000 	C:\WINDOWS\System32\USER32.dll
0x00007ffdb7a00000 - 0x00007ffdb7a27000 	C:\WINDOWS\System32\win32u.dll
0x00007ffd91880000 - 0x00007ffd91b13000 	C:\WINDOWS\WinSxS\amd64_microsoft.windows.common-controls_6595b64144ccf1df_6.0.26100.7824_none_3e0870b2e3345462\COMCTL32.dll
0x00007ffdbaeb0000 - 0x00007ffdbaedb000 	C:\WINDOWS\System32\GDI32.dll
0x00007ffdb9080000 - 0x00007ffdb9129000 	C:\WINDOWS\System32\msvcrt.dll
0x00007ffdb7a30000 - 0x00007ffdb7b5b000 	C:\WINDOWS\System32\gdi32full.dll
0x00007ffdb87e0000 - 0x00007ffdb8883000 	C:\WINDOWS\System32\msvcp_win.dll
0x00007ffdbaf10000 - 0x00007ffdbaf41000 	C:\WINDOWS\System32\IMM32.DLL
0x00007ffdae750000 - 0x00007ffdae75c000 	C:\Users\shivanandh.t\.jdks\ms-21.0.10\bin\vcruntime140_1.dll
0x00007ffd7d230000 - 0x00007ffd7d2b9000 	C:\Users\shivanandh.t\.jdks\ms-21.0.10\bin\msvcp140.dll
0x00007ffd0a920000 - 0x00007ffd0b6cd000 	C:\Users\shivanandh.t\.jdks\ms-21.0.10\bin\server\jvm.dll
0x00007ffdb8e80000 - 0x00007ffdb8f34000 	C:\WINDOWS\System32\ADVAPI32.dll
0x00007ffdbad80000 - 0x00007ffdbae26000 	C:\WINDOWS\System32\sechost.dll
0x00007ffdba6f0000 - 0x00007ffdba808000 	C:\WINDOWS\System32\RPCRT4.dll
0x00007ffdb8f40000 - 0x00007ffdb8fb4000 	C:\WINDOWS\System32\WS2_32.dll
0x00007ffdb7240000 - 0x00007ffdb729e000 	C:\WINDOWS\SYSTEM32\POWRPROF.dll
0x00007ffdb13e0000 - 0x00007ffdb1415000 	C:\WINDOWS\SYSTEM32\WINMM.dll
0x00007ffdb0330000 - 0x00007ffdb033b000 	C:\WINDOWS\SYSTEM32\VERSION.dll
0x00007ffdb7220000 - 0x00007ffdb7234000 	C:\WINDOWS\SYSTEM32\UMPDC.dll
0x00007ffdb61c0000 - 0x00007ffdb61db000 	C:\WINDOWS\SYSTEM32\kernel.appcore.dll
0x00007ffda4110000 - 0x00007ffda411a000 	C:\Users\shivanandh.t\.jdks\ms-21.0.10\bin\jimage.dll
0x00007ffdb5410000 - 0x00007ffdb5652000 	C:\WINDOWS\SYSTEM32\DBGHELP.DLL
0x00007ffdba9f0000 - 0x00007ffdbad76000 	C:\WINDOWS\System32\combase.dll
0x00007ffdba2b0000 - 0x00007ffdba387000 	C:\WINDOWS\System32\OLEAUT32.dll
0x00007ffd8f760000 - 0x00007ffd8f79b000 	C:\WINDOWS\SYSTEM32\dbgcore.DLL
0x00007ffdb7b60000 - 0x00007ffdb7c05000 	C:\WINDOWS\System32\bcryptPrimitives.dll
0x00007ffd99730000 - 0x00007ffd99740000 	C:\Users\shivanandh.t\.jdks\ms-21.0.10\bin\instrument.dll
0x00007ffd94310000 - 0x00007ffd94331000 	C:\Users\shivanandh.t\.jdks\ms-21.0.10\bin\java.dll
0x00007ffdb9b50000 - 0x00007ffdba2a2000 	C:\WINDOWS\System32\SHELL32.dll
0x00007ffdb8c90000 - 0x00007ffdb8dfa000 	C:\WINDOWS\System32\wintypes.dll
0x00007ffdb7f70000 - 0x00007ffdb87d3000 	C:\WINDOWS\System32\windows.storage.dll
0x00007ffdba450000 - 0x00007ffdba546000 	C:\WINDOWS\System32\SHCORE.dll
0x00007ffdb8e00000 - 0x00007ffdb8e67000 	C:\WINDOWS\System32\shlwapi.dll
0x00007ffdb7860000 - 0x00007ffdb7889000 	C:\WINDOWS\SYSTEM32\profapi.dll
0x00007ffd6a7a0000 - 0x00007ffd6a876000 	C:\Users\shivanandh.t\.jdks\ms-21.0.10\bin\jsvml.dll
0x00007ffd937b0000 - 0x00007ffd937c8000 	C:\Users\shivanandh.t\.jdks\ms-21.0.10\bin\zip.dll
0x00007ffd8b460000 - 0x00007ffd8b471000 	C:\Users\shivanandh.t\.jdks\ms-21.0.10\bin\net.dll
0x00007ffdb61e0000 - 0x00007ffdb6307000 	C:\WINDOWS\SYSTEM32\WINHTTP.dll
0x00007ffdb6840000 - 0x00007ffdb68ab000 	C:\WINDOWS\system32\mswsock.dll
0x00007ffd89000000 - 0x00007ffd89016000 	C:\Users\shivanandh.t\.jdks\ms-21.0.10\bin\nio.dll
0x00007ffd99720000 - 0x00007ffd99729000 	C:\Users\shivanandh.t\.jdks\ms-21.0.10\bin\extnet.dll
0x00007ffd88fc0000 - 0x00007ffd88fdd000 	C:\Users\shivanandh.t\.config\.cool-request\request\lib\cool-request-agent.dll
0x00007ffd87fc0000 - 0x00007ffd87fda000 	C:\Program Files\JetBrains\IntelliJ IDEA Community Edition 2024.2.0.1\bin\breakgen64.dll
0x00007ffdb6c30000 - 0x00007ffdb6c4b000 	C:\WINDOWS\SYSTEM32\CRYPTSP.dll
0x00007ffdb6120000 - 0x00007ffdb6159000 	C:\WINDOWS\system32\rsaenh.dll
0x00007ffdb68f0000 - 0x00007ffdb691b000 	C:\WINDOWS\SYSTEM32\USERENV.dll
0x00007ffdb7830000 - 0x00007ffdb785a000 	C:\WINDOWS\SYSTEM32\bcrypt.dll
0x00007ffdb6a90000 - 0x00007ffdb6a9c000 	C:\WINDOWS\SYSTEM32\CRYPTBASE.dll
0x00007ffdb5980000 - 0x00007ffdb59b4000 	C:\WINDOWS\SYSTEM32\IPHLPAPI.DLL
0x00007ffdb95c0000 - 0x00007ffdb95ca000 	C:\WINDOWS\System32\NSI.dll
0x00007ffd89160000 - 0x00007ffd89178000 	C:\WINDOWS\system32\napinsp.dll
0x00007ffdb59c0000 - 0x00007ffdb5aec000 	C:\WINDOWS\SYSTEM32\DNSAPI.dll
0x00007ffd88480000 - 0x00007ffd88492000 	C:\WINDOWS\System32\winrnr.dll
0x00007ffd87f90000 - 0x00007ffd87fb4000 	C:\Users\shivanandh.t\AppData\Local\Temp\jansi-2.4.1-b6cf0aa42151b964-jansi.dll
0x00007ffd86c00000 - 0x00007ffd86c22000 	C:\WINDOWS\system32\nlansp_c.dll
0x00007ffdaf0c0000 - 0x00007ffdaf0d6000 	C:\WINDOWS\system32\wshbth.dll
0x00007ffd993c0000 - 0x00007ffd993d0000 	C:\Users\shivanandh.t\.jdks\ms-21.0.10\bin\verify.dll
0x00007ffdb0320000 - 0x00007ffdb032b000 	C:\Windows\System32\rasadhlp.dll
0x00007ffdb1220000 - 0x00007ffdb12a6000 	C:\WINDOWS\System32\fwpuclnt.dll
0x00007ffd95900000 - 0x00007ffd95907000 	C:\Users\shivanandh.t\.jdks\ms-21.0.10\bin\rmi.dll

JVMTI agents:
C:\Users\shivanandh.t\.config\.cool-request\request\lib\cool-request-agent.jar path:C:\Users\shivanandh.t\.jdks\ms-21.0.10\bin\instrument.dll, loaded, initialized, instrumentlib options:none
C:\Program Files\JetBrains\IntelliJ IDEA Community Edition 2024.2.0.1\lib\idea_rt.jar path:C:\Users\shivanandh.t\.jdks\ms-21.0.10\bin\instrument.dll, loaded, initialized, instrumentlib options:60738:C:\Program Files\JetBrains\IntelliJ IDEA Community Edition 2024.2.0.1\bin

dbghelp: loaded successfully - version: 4.0.5 - missing functions: none
symbol engine: initialized successfully - sym options: 0x614 - pdb path: .;C:\Users\shivanandh.t\.jdks\ms-21.0.10\bin;C:\WINDOWS\SYSTEM32;C:\WINDOWS\System32\SophosED;C:\WINDOWS\WinSxS\amd64_microsoft.windows.common-controls_6595b64144ccf1df_6.0.26100.7824_none_3e0870b2e3345462;C:\Users\shivanandh.t\.jdks\ms-21.0.10\bin\server;C:\Users\shivanandh.t\.config\.cool-request\request\lib;C:\Program Files\JetBrains\IntelliJ IDEA Community Edition 2024.2.0.1\bin;C:\Users\shivanandh.t\AppData\Local\Temp

VM Arguments:
jvm_args: -Dmaven.multiModuleProjectDirectory=C:\Users\shivanandh.t\Documents\GitHub\patient-management-system\patient-service -Djansi.passthrough=true -Dmaven.home=C:\Program Files\JetBrains\IntelliJ IDEA Community Edition 2024.2.0.1\plugins\maven\lib\maven3 -Dclassworlds.conf=C:\Program Files\JetBrains\IntelliJ IDEA Community Edition 2024.2.0.1\plugins\maven\lib\maven3\bin\m2.conf -Dmaven.ext.class.path=C:\Program Files\JetBrains\IntelliJ IDEA Community Edition 2024.2.0.1\plugins\maven\lib\maven-event-listener.jar -Dcool.request.port=58365 -Dcool.request.hook.sql=false -javaagent:C:\Users\shivanandh.t\.config\.cool-request\request\lib\cool-request-agent.jar -javaagent:C:\Program Files\JetBrains\IntelliJ IDEA Community Edition 2024.2.0.1\lib\idea_rt.jar=60738:C:\Program Files\JetBrains\IntelliJ IDEA Community Edition 2024.2.0.1\bin -Dfile.encoding=UTF-8 -Dsun.stdout.encoding=UTF-8 -Dsun.stderr.encoding=UTF-8 
java_command: org.codehaus.classworlds.Launcher -Didea.version=2024.2.0.1 -DskipTests=true clean install
java_class_path (initial): C:\Program Files\JetBrains\IntelliJ IDEA Community Edition 2024.2.0.1\plugins\maven\lib\maven3\boot\plexus-classworlds-2.8.0.jar;C:\Program Files\JetBrains\IntelliJ IDEA Community Edition 2024.2.0.1\plugins\maven\lib\maven3\boot\plexus-classworlds.license
Launcher Type: SUN_STANDARD

[Global flags]
     intx CICompilerCount                          = 4                                         {product} {ergonomic}
     uint ConcGCThreads                            = 3                                         {product} {ergonomic}
     uint G1ConcRefinementThreads                  = 10                                        {product} {ergonomic}
   size_t G1HeapRegionSize                         = 2097152                                   {product} {ergonomic}
    uintx GCDrainStackTargetSize                   = 64                                        {product} {ergonomic}
   size_t InitialHeapSize                          = 264241152                                 {product} {ergonomic}
   size_t MarkStackSize                            = 4194304                                   {product} {ergonomic}
   size_t MaxHeapSize                              = 4200595456                                {product} {ergonomic}
   size_t MaxNewSize                               = 2518679552                                {product} {ergonomic}
   size_t MinHeapDeltaBytes                        = 2097152                                   {product} {ergonomic}
   size_t MinHeapSize                              = 8388608                                   {product} {ergonomic}
    uintx NonNMethodCodeHeapSize                   = 5839372                                {pd product} {ergonomic}
    uintx NonProfiledCodeHeapSize                  = 122909434                              {pd product} {ergonomic}
    uintx ProfiledCodeHeapSize                     = 122909434                              {pd product} {ergonomic}
    uintx ReservedCodeCacheSize                    = 251658240                              {pd product} {ergonomic}
     bool SegmentedCodeCache                       = true                                      {product} {ergonomic}
   size_t SoftMaxHeapSize                          = 4200595456                             {manageable} {ergonomic}
     bool UseCompressedOops                        = true                           {product lp64_product} {ergonomic}
     bool UseG1GC                                  = true                                      {product} {ergonomic}
     bool UseLargePagesIndividualAllocation        = false                                  {pd product} {ergonomic}

Logging:
Log output configuration:
 #0: stdout all=warning uptime,level,tags foldmultilines=false
 #1: stderr all=off uptime,level,tags foldmultilines=false

Release file:
IMPLEMENTOR="Microsoft" 
IMPLEMENTOR_VERSION="Microsoft-13106404" 
JAVA_RUNTIME_VERSION="21.0.10+7-LTS" 
JAVA_VERSION="21.0.10" 
JAVA_VERSION_DATE="2026-01-20" 
LIBC="default" 
MODULES="java.base java.compiler java.datatransfer java.xml java.prefs java.desktop java.instrument java.logging java.management java.security.sasl java.naming java.rmi java.management.rmi java.net.http java.scripting java.security.jgss java.transaction.xa java.sql java.sql.rowset java.xml.crypto java.se java.smartcardio jdk.accessibility jdk.internal.jvmstat jdk.attach jdk.charsets jdk.internal.opt jdk.zipfs jdk.compiler jdk.crypto.ec jdk.crypto.cryptoki jdk.crypto.mscapi jdk.dynalink jdk.internal.ed jdk.editpad jdk.hotspot.agent jdk.httpserver jdk.incubator.vector jdk.internal.le jdk.internal.vm.ci jdk.internal.vm.compiler jdk.internal.vm.compiler.management jdk.jartool jdk.javadoc jdk.jcmd jdk.management jdk.management.agent jdk.jconsole jdk.jdeps jdk.jdwp.agent jdk.jdi jdk.jfr jdk.jlink jdk.jpackage jdk.jshell jdk.jsobject jdk.jstatd jdk.localedata jdk.management.jfr jdk.naming.dns jdk.naming.rmi jdk.net jdk.nio.mapmode jdk.random jdk.sctp jdk.security.auth jdk.security.jgss jdk.unsupported jdk.unsupported.desktop jdk.xml.dom" 
OS_ARCH="x86_64" 
OS_NAME="Windows" 
SOURCE=".:git:e69b6ef7382e" 

Environment Variables:
PATH=C:\Program Files\Common Files\Oracle\Java\javapath;C:\WINDOWS\system32;C:\WINDOWS;C:\WINDOWS\System32\Wbem;C:\WINDOWS\System32\WindowsPowerShell\v1.0\;C:\WINDOWS\System32\OpenSSH\;C:\Program Files\Git\cmd;C:\Users\shivanandh.t\Downloads\apache-maven-3.9.8-bin\apache-maven-3.9.8\bin;C:\Program Files\Java\jdk-17\bin;C:\Program Files\Docker\Docker\resources\bin;C:\Program Files\nodejs\;C:\Program Files\Amazon\AWSSAMCLI\bin\;C:\Program Files\Amazon\AWSCLIV2\;C:\Users\shivanandh.t\AppData\Local\Microsoft\WindowsApps;C:\Users\shivanandh.t\AppData\Local\Programs\Microsoft VS Code\bin;C:\Users\shivanandh.t\AppData\Local\Microsoft\WinGet\Packages\Schniz.fnm_Microsoft.Winget.Source_8wekyb3d8bbwe;C:\Users\shivanandh.t\AppData\Roaming\npm;C:\Users\shivanandh.t\AppData\Local\GitHubDesktop\bin;C:\Users\shivanandh.t\AppData\Local\Programs\cursor\resources\app\bin;C:\Users\shivanandh.t\AppData\Local\Programs\Antigravity\bin
USERNAME=shivanandh.t
OS=Windows_NT
PROCESSOR_IDENTIFIER=Intel64 Family 6 Model 154 Stepping 4, GenuineIntel
TMP=C:\Users\SHIVAN~1.T\AppData\Local\Temp
TEMP=C:\Users\SHIVAN~1.T\AppData\Local\Temp




Periodic native trim disabled

---------------  S Y S T E M  ---------------

OS:
 Windows 11 , 64 bit Build 26100 (10.0.26100.7705)
OS uptime: 5 days 4:32 hours
Hyper-V role detected

CPU: total 12 (initial active 12) (6 cores per cpu, 2 threads per core) family 6 model 154 stepping 4 microcode 0x437, cx8, cmov, fxsr, ht, mmx, 3dnowpref, sse, sse2, sse3, ssse3, sse4.1, sse4.2, popcnt, lzcnt, tsc, tscinvbit, avx, avx2, aes, erms, clmul, bmi1, bmi2, adx, sha, fma, vzeroupper, clflush, clflushopt, clwb, hv, serialize, rdtscp, rdpid, fsrm, f16c, cet_ibt, cet_ss
Processor Information for the first 12 processors :
  Max Mhz: 1300, Current Mhz: 1300, Mhz Limit: 1300

Memory: 4k page, system-wide physical 16016M (774M free)
TotalPageFile size 45657M (AvailPageFile size 24M)
current process WorkingSet (physical memory assigned to process): 228M, peak: 231M
current process commit charge ("private bytes"): 412M, peak: 418M

vm_info: OpenJDK 64-Bit Server VM (21.0.10+7-LTS) for windows-amd64 JRE (21.0.10+7-LTS), built on 2026-01-15T18:39:42Z by "MicrosoftCorporation" with MS VC++ 17.14 (VS2022)

END.
